// Jest Snapshot v1, https://goo.gl/fbAQLP

exports[`routes/authenticate/createOrganizations() should create organizations 1`] = `
Object {
  "Codeship": Object {
    "scopes": Array [
      "build.read",
      "project.read",
    ],
    "uuid": "dc37c39f-731e-4100-b8bf-69dae9eb14aa",
  },
  "Codeship Test Org": Object {
    "scopes": Array [
      "build.read",
      "build.write",
      "project.read",
      "project.write",
    ],
    "uuid": "dc37c39f-731e-4100-b8bf-69dae9eb14ab",
  },
}
`;

exports[`routes/authenticate/createOrganizations() should return an empty Map on missing data 1`] = `Object {}`;
